// Jest Snapshot v1, https://goo.gl/fbAQLP

exports[`DashBoard renders correctly 1`] = `
ShallowWrapper {
  "length": 1,
  Symbol(enzyme.__root__): [Circular],
  Symbol(enzyme.__unrendered__): <DashBoard
    subteams={
        Array [
            Object {
              "team": "team-1",
              "team_id": 1,
              "team_img": "http:\\\\google.com",
            },
          ]
    }
/>,
  Symbol(enzyme.__renderer__): Object {
    "batchedUpdates": [Function],
    "getNode": [Function],
    "render": [Function],
    "simulateEvent": [Function],
    "unmount": [Function],
  },
  Symbol(enzyme.__node__): Object {
    "instance": null,
    "key": undefined,
    "nodeType": "host",
    "props": Object {
      "children": Array [
        <Navbar />,
        <h1>
          WellCome
</h1>,
        <div>
          <ImageCard
                    img="http:\\\\google.com"
                    styleClass="subteam"
                    subteam="/team/team-1"
          />
</div>,
      ],
      "className": "dashboard",
    },
    "ref": null,
    "rendered": Array [
      Object {
        "instance": null,
        "key": undefined,
        "nodeType": "class",
        "props": Object {},
        "ref": null,
        "rendered": null,
        "type": [Function],
      },
      Object {
        "instance": null,
        "key": undefined,
        "nodeType": "host",
        "props": Object {
          "children": "WellCome",
        },
        "ref": null,
        "rendered": "WellCome",
        "type": "h1",
      },
      Object {
        "instance": null,
        "key": undefined,
        "nodeType": "host",
        "props": Object {
          "children": Array [
            <ImageCard
              img="http:\\\\google.com"
              styleClass="subteam"
              subteam="/team/team-1"
/>,
          ],
        },
        "ref": null,
        "rendered": Array [
          Object {
            "instance": null,
            "key": "1",
            "nodeType": "class",
            "props": Object {
              "img": "http:\\\\google.com",
              "styleClass": "subteam",
              "subteam": "/team/team-1",
            },
            "ref": null,
            "rendered": null,
            "type": [Function],
          },
        ],
        "type": "div",
      },
    ],
    "type": "div",
  },
  Symbol(enzyme.__nodes__): Array [
    Object {
      "instance": null,
      "key": undefined,
      "nodeType": "host",
      "props": Object {
        "children": Array [
          <Navbar />,
          <h1>
            WellCome
</h1>,
          <div>
            <ImageCard
                        img="http:\\\\google.com"
                        styleClass="subteam"
                        subteam="/team/team-1"
            />
</div>,
        ],
        "className": "dashboard",
      },
      "ref": null,
      "rendered": Array [
        Object {
          "instance": null,
          "key": undefined,
          "nodeType": "class",
          "props": Object {},
          "ref": null,
          "rendered": null,
          "type": [Function],
        },
        Object {
          "instance": null,
          "key": undefined,
          "nodeType": "host",
          "props": Object {
            "children": "WellCome",
          },
          "ref": null,
          "rendered": "WellCome",
          "type": "h1",
        },
        Object {
          "instance": null,
          "key": undefined,
          "nodeType": "host",
          "props": Object {
            "children": Array [
              <ImageCard
                img="http:\\\\google.com"
                styleClass="subteam"
                subteam="/team/team-1"
/>,
            ],
          },
          "ref": null,
          "rendered": Array [
            Object {
              "instance": null,
              "key": "1",
              "nodeType": "class",
              "props": Object {
                "img": "http:\\\\google.com",
                "styleClass": "subteam",
                "subteam": "/team/team-1",
              },
              "ref": null,
              "rendered": null,
              "type": [Function],
            },
          ],
          "type": "div",
        },
      ],
      "type": "div",
    },
  ],
  Symbol(enzyme.__options__): Object {
    "adapter": ReactSixteenAdapter {
      "options": Object {
        "enableComponentDidUpdateOnSetState": true,
      },
    },
    "disableLifecycleMethods": true,
  },
}
`;
